// Jest Snapshot v1, https://goo.gl/fbAQLP

exports[`Flow: json messages 1`] = `
Array [
  Array [
    "Cannot assign \`c\` to \`check2\` because number [1] is incompatible with string [2] in type argument \`Payload\` [3].",
  ],
  Array [
    "Cannot assign \`e\` to \`check4\` because number [1] is incompatible with string [2] in type argument \`State\` [3].",
  ],
  Array [
    "Cannot assign \`g\` to \`check6\` because string [1] is incompatible with number [2] in type argument \`Payload\` [3].",
  ],
  Array [
    "Cannot assign \`computed\` to \`check2\` because string [1] is incompatible with number [2] in type argument \`Payload\` [3].",
  ],
  Array [
    "Cannot assign \`createStore(...)\` to \`store2\` because number [1] is incompatible with string [2] in type argument \`State\` [3].",
  ],
  Array [
    "Cannot assign \`computed\` to \`check2\` because string [1] is incompatible with number [2] in type argument \`State\` [3].",
  ],
]
`;

exports[`Flow: json rejected 1`] = `
Object {
  "errors": Array [
    Object {
      "extra": Array [
        Object {
          "message": Array [
            Object {
              "context": null,
              "descr": "References:",
              "end": 0,
              "endline": 0,
              "line": 0,
              "path": "",
              "start": 1,
              "type": "Blame",
            },
          ],
        },
        Object {
          "message": Array [
            Object {
              "context": "    const a = createEvent<number>()",
              "descr": "[1]",
              "end": 32,
              "endline": 22,
              "line": 22,
              "loc": Object {
                "end": Object {
                  "column": 32,
                  "line": 22,
                  "offset": 350,
                },
                "source": "types.test.js",
                "start": Object {
                  "column": 27,
                  "line": 22,
                  "offset": 344,
                },
                "type": "SourceFile",
              },
              "path": "types.test.js",
              "start": 27,
              "type": "Blame",
            },
          ],
        },
        Object {
          "message": Array [
            Object {
              "context": "    const check2: Event<string> = c",
              "descr": "[2]",
              "end": 30,
              "endline": 27,
              "line": 27,
              "loc": Object {
                "end": Object {
                  "column": 30,
                  "line": 27,
                  "offset": 485,
                },
                "source": "types.test.js",
                "start": Object {
                  "column": 25,
                  "line": 27,
                  "offset": 479,
                },
                "type": "SourceFile",
              },
              "path": "types.test.js",
              "start": 25,
              "type": "Blame",
            },
          ],
        },
        Object {
          "message": Array [
            Object {
              "context": "declare export class Event<Payload> implements Unit<Payload> {",
              "descr": "[3]",
              "end": 34,
              "endline": 29,
              "line": 29,
              "loc": Object {
                "end": Object {
                  "column": 34,
                  "line": 29,
                  "offset": 486,
                },
                "source": "../../packages/effector/index.js.flow",
                "start": Object {
                  "column": 28,
                  "line": 29,
                  "offset": 479,
                },
                "type": "SourceFile",
              },
              "path": "../../packages/effector/index.js.flow",
              "start": 28,
              "type": "Blame",
            },
          ],
        },
      ],
      "kind": "infer",
      "level": "error",
      "message": Array [
        Object {
          "context": "    const check2: Event<string> = c",
          "descr": "Cannot assign \`c\` to \`check2\` because number [1] is incompatible with string [2] in type argument \`Payload\` [3].",
          "end": 35,
          "endline": 27,
          "line": 27,
          "loc": Object {
            "end": Object {
              "column": 35,
              "line": 27,
              "offset": 490,
            },
            "source": "types.test.js",
            "start": Object {
              "column": 35,
              "line": 27,
              "offset": 489,
            },
            "type": "SourceFile",
          },
          "path": "types.test.js",
          "start": 35,
          "type": "Blame",
        },
      ],
      "suppressions": Array [],
    },
    Object {
      "extra": Array [
        Object {
          "message": Array [
            Object {
              "context": null,
              "descr": "References:",
              "end": 0,
              "endline": 0,
              "line": 0,
              "path": "",
              "start": 1,
              "type": "Blame",
            },
          ],
        },
        Object {
          "message": Array [
            Object {
              "context": "    const check3: Store<number> = e",
              "descr": "[1]",
              "end": 30,
              "endline": 32,
              "line": 32,
              "loc": Object {
                "end": Object {
                  "column": 30,
                  "line": 32,
                  "offset": 579,
                },
                "source": "types.test.js",
                "start": Object {
                  "column": 25,
                  "line": 32,
                  "offset": 573,
                },
                "type": "SourceFile",
              },
              "path": "types.test.js",
              "start": 25,
              "type": "Blame",
            },
          ],
        },
        Object {
          "message": Array [
            Object {
              "context": "    const check4: Store<string> = e",
              "descr": "[2]",
              "end": 30,
              "endline": 33,
              "line": 33,
              "loc": Object {
                "end": Object {
                  "column": 30,
                  "line": 33,
                  "offset": 615,
                },
                "source": "types.test.js",
                "start": Object {
                  "column": 25,
                  "line": 33,
                  "offset": 609,
                },
                "type": "SourceFile",
              },
              "path": "types.test.js",
              "start": 25,
              "type": "Blame",
            },
          ],
        },
        Object {
          "message": Array [
            Object {
              "context": "declare export class Store<State> implements Unit<State> {",
              "descr": "[3]",
              "end": 32,
              "endline": 69,
              "line": 69,
              "loc": Object {
                "end": Object {
                  "column": 32,
                  "line": 69,
                  "offset": 1732,
                },
                "source": "../../packages/effector/index.js.flow",
                "start": Object {
                  "column": 28,
                  "line": 69,
                  "offset": 1727,
                },
                "type": "SourceFile",
              },
              "path": "../../packages/effector/index.js.flow",
              "start": 28,
              "type": "Blame",
            },
          ],
        },
      ],
      "kind": "infer",
      "level": "error",
      "message": Array [
        Object {
          "context": "    const check4: Store<string> = e",
          "descr": "Cannot assign \`e\` to \`check4\` because number [1] is incompatible with string [2] in type argument \`State\` [3].",
          "end": 35,
          "endline": 33,
          "line": 33,
          "loc": Object {
            "end": Object {
              "column": 35,
              "line": 33,
              "offset": 620,
            },
            "source": "types.test.js",
            "start": Object {
              "column": 35,
              "line": 33,
              "offset": 619,
            },
            "type": "SourceFile",
          },
          "path": "types.test.js",
          "start": 35,
          "type": "Blame",
        },
      ],
      "suppressions": Array [],
    },
    Object {
      "extra": Array [
        Object {
          "message": Array [
            Object {
              "context": null,
              "descr": "References:",
              "end": 0,
              "endline": 0,
              "line": 0,
              "path": "",
              "start": 1,
              "type": "Blame",
            },
          ],
        },
        Object {
          "message": Array [
            Object {
              "context": "    const f = createEffect<string, any, any>()",
              "descr": "[1]",
              "end": 33,
              "endline": 35,
              "line": 35,
              "loc": Object {
                "end": Object {
                  "column": 33,
                  "line": 35,
                  "offset": 655,
                },
                "source": "types.test.js",
                "start": Object {
                  "column": 28,
                  "line": 35,
                  "offset": 649,
                },
                "type": "SourceFile",
              },
              "path": "types.test.js",
              "start": 28,
              "type": "Blame",
            },
          ],
        },
        Object {
          "message": Array [
            Object {
              "context": "    const check6: Event<number> = g",
              "descr": "[2]",
              "end": 30,
              "endline": 39,
              "line": 39,
              "loc": Object {
                "end": Object {
                  "column": 30,
                  "line": 39,
                  "offset": 763,
                },
                "source": "types.test.js",
                "start": Object {
                  "column": 25,
                  "line": 39,
                  "offset": 757,
                },
                "type": "SourceFile",
              },
              "path": "types.test.js",
              "start": 25,
              "type": "Blame",
            },
          ],
        },
        Object {
          "message": Array [
            Object {
              "context": "declare export class Event<Payload> implements Unit<Payload> {",
              "descr": "[3]",
              "end": 34,
              "endline": 29,
              "line": 29,
              "loc": Object {
                "end": Object {
                  "column": 34,
                  "line": 29,
                  "offset": 486,
                },
                "source": "../../packages/effector/index.js.flow",
                "start": Object {
                  "column": 28,
                  "line": 29,
                  "offset": 479,
                },
                "type": "SourceFile",
              },
              "path": "../../packages/effector/index.js.flow",
              "start": 28,
              "type": "Blame",
            },
          ],
        },
      ],
      "kind": "infer",
      "level": "error",
      "message": Array [
        Object {
          "context": "    const check6: Event<number> = g",
          "descr": "Cannot assign \`g\` to \`check6\` because string [1] is incompatible with number [2] in type argument \`Payload\` [3].",
          "end": 35,
          "endline": 39,
          "line": 39,
          "loc": Object {
            "end": Object {
              "column": 35,
              "line": 39,
              "offset": 768,
            },
            "source": "types.test.js",
            "start": Object {
              "column": 35,
              "line": 39,
              "offset": 767,
            },
            "type": "SourceFile",
          },
          "path": "types.test.js",
          "start": 35,
          "type": "Blame",
        },
      ],
      "suppressions": Array [],
    },
    Object {
      "extra": Array [
        Object {
          "message": Array [
            Object {
              "context": null,
              "descr": "References:",
              "end": 0,
              "endline": 0,
              "line": 0,
              "path": "",
              "start": 1,
              "type": "Blame",
            },
          ],
        },
        Object {
          "message": Array [
            Object {
              "context": "    const check1: Event<string> = computed",
              "descr": "[1]",
              "end": 30,
              "endline": 51,
              "line": 51,
              "loc": Object {
                "end": Object {
                  "column": 30,
                  "line": 51,
                  "offset": 1032,
                },
                "source": "types.test.js",
                "start": Object {
                  "column": 25,
                  "line": 51,
                  "offset": 1026,
                },
                "type": "SourceFile",
              },
              "path": "types.test.js",
              "start": 25,
              "type": "Blame",
            },
          ],
        },
        Object {
          "message": Array [
            Object {
              "context": "    const check2: Event<number> = computed",
              "descr": "[2]",
              "end": 30,
              "endline": 52,
              "line": 52,
              "loc": Object {
                "end": Object {
                  "column": 30,
                  "line": 52,
                  "offset": 1075,
                },
                "source": "types.test.js",
                "start": Object {
                  "column": 25,
                  "line": 52,
                  "offset": 1069,
                },
                "type": "SourceFile",
              },
              "path": "types.test.js",
              "start": 25,
              "type": "Blame",
            },
          ],
        },
        Object {
          "message": Array [
            Object {
              "context": "declare export class Event<Payload> implements Unit<Payload> {",
              "descr": "[3]",
              "end": 34,
              "endline": 29,
              "line": 29,
              "loc": Object {
                "end": Object {
                  "column": 34,
                  "line": 29,
                  "offset": 486,
                },
                "source": "../../packages/effector/index.js.flow",
                "start": Object {
                  "column": 28,
                  "line": 29,
                  "offset": 479,
                },
                "type": "SourceFile",
              },
              "path": "../../packages/effector/index.js.flow",
              "start": 28,
              "type": "Blame",
            },
          ],
        },
      ],
      "kind": "infer",
      "level": "error",
      "message": Array [
        Object {
          "context": "    const check2: Event<number> = computed",
          "descr": "Cannot assign \`computed\` to \`check2\` because string [1] is incompatible with number [2] in type argument \`Payload\` [3].",
          "end": 42,
          "endline": 52,
          "line": 52,
          "loc": Object {
            "end": Object {
              "column": 42,
              "line": 52,
              "offset": 1087,
            },
            "source": "types.test.js",
            "start": Object {
              "column": 35,
              "line": 52,
              "offset": 1079,
            },
            "type": "SourceFile",
          },
          "path": "types.test.js",
          "start": 35,
          "type": "Blame",
        },
      ],
      "suppressions": Array [],
    },
    Object {
      "extra": Array [
        Object {
          "message": Array [
            Object {
              "context": null,
              "descr": "References:",
              "end": 0,
              "endline": 0,
              "line": 0,
              "path": "",
              "start": 1,
              "type": "Blame",
            },
          ],
        },
        Object {
          "message": Array [
            Object {
              "context": "    const store2: Store<string> = createStore(0)",
              "descr": "[1]",
              "end": 47,
              "endline": 67,
              "line": 67,
              "loc": Object {
                "end": Object {
                  "column": 47,
                  "line": 67,
                  "offset": 1405,
                },
                "source": "types.test.js",
                "start": Object {
                  "column": 47,
                  "line": 67,
                  "offset": 1404,
                },
                "type": "SourceFile",
              },
              "path": "types.test.js",
              "start": 47,
              "type": "Blame",
            },
          ],
        },
        Object {
          "message": Array [
            Object {
              "context": "    const store2: Store<string> = createStore(0)",
              "descr": "[2]",
              "end": 30,
              "endline": 67,
              "line": 67,
              "loc": Object {
                "end": Object {
                  "column": 30,
                  "line": 67,
                  "offset": 1388,
                },
                "source": "types.test.js",
                "start": Object {
                  "column": 25,
                  "line": 67,
                  "offset": 1382,
                },
                "type": "SourceFile",
              },
              "path": "types.test.js",
              "start": 25,
              "type": "Blame",
            },
          ],
        },
        Object {
          "message": Array [
            Object {
              "context": "declare export class Store<State> implements Unit<State> {",
              "descr": "[3]",
              "end": 32,
              "endline": 69,
              "line": 69,
              "loc": Object {
                "end": Object {
                  "column": 32,
                  "line": 69,
                  "offset": 1732,
                },
                "source": "../../packages/effector/index.js.flow",
                "start": Object {
                  "column": 28,
                  "line": 69,
                  "offset": 1727,
                },
                "type": "SourceFile",
              },
              "path": "../../packages/effector/index.js.flow",
              "start": 28,
              "type": "Blame",
            },
          ],
        },
      ],
      "kind": "infer",
      "level": "error",
      "message": Array [
        Object {
          "context": "    const store2: Store<string> = createStore(0)",
          "descr": "Cannot assign \`createStore(...)\` to \`store2\` because number [1] is incompatible with string [2] in type argument \`State\` [3].",
          "end": 47,
          "endline": 67,
          "line": 67,
          "loc": Object {
            "end": Object {
              "column": 47,
              "line": 67,
              "offset": 1405,
            },
            "source": "types.test.js",
            "start": Object {
              "column": 47,
              "line": 67,
              "offset": 1404,
            },
            "type": "SourceFile",
          },
          "path": "types.test.js",
          "start": 47,
          "type": "Blame",
        },
      ],
      "suppressions": Array [],
    },
    Object {
      "extra": Array [
        Object {
          "message": Array [
            Object {
              "context": null,
              "descr": "References:",
              "end": 0,
              "endline": 0,
              "line": 0,
              "path": "",
              "start": 1,
              "type": "Blame",
            },
          ],
        },
        Object {
          "message": Array [
            Object {
              "context": "    const check1: Store<string> = computed",
              "descr": "[1]",
              "end": 30,
              "endline": 116,
              "line": 116,
              "loc": Object {
                "end": Object {
                  "column": 30,
                  "line": 116,
                  "offset": 2736,
                },
                "source": "types.test.js",
                "start": Object {
                  "column": 25,
                  "line": 116,
                  "offset": 2730,
                },
                "type": "SourceFile",
              },
              "path": "types.test.js",
              "start": 25,
              "type": "Blame",
            },
          ],
        },
        Object {
          "message": Array [
            Object {
              "context": "    const check2: Store<number> = computed",
              "descr": "[2]",
              "end": 30,
              "endline": 118,
              "line": 118,
              "loc": Object {
                "end": Object {
                  "column": 30,
                  "line": 118,
                  "offset": 2780,
                },
                "source": "types.test.js",
                "start": Object {
                  "column": 25,
                  "line": 118,
                  "offset": 2774,
                },
                "type": "SourceFile",
              },
              "path": "types.test.js",
              "start": 25,
              "type": "Blame",
            },
          ],
        },
        Object {
          "message": Array [
            Object {
              "context": "declare export class Store<State> implements Unit<State> {",
              "descr": "[3]",
              "end": 32,
              "endline": 69,
              "line": 69,
              "loc": Object {
                "end": Object {
                  "column": 32,
                  "line": 69,
                  "offset": 1732,
                },
                "source": "../../packages/effector/index.js.flow",
                "start": Object {
                  "column": 28,
                  "line": 69,
                  "offset": 1727,
                },
                "type": "SourceFile",
              },
              "path": "../../packages/effector/index.js.flow",
              "start": 28,
              "type": "Blame",
            },
          ],
        },
      ],
      "kind": "infer",
      "level": "error",
      "message": Array [
        Object {
          "context": "    const check2: Store<number> = computed",
          "descr": "Cannot assign \`computed\` to \`check2\` because string [1] is incompatible with number [2] in type argument \`State\` [3].",
          "end": 42,
          "endline": 118,
          "line": 118,
          "loc": Object {
            "end": Object {
              "column": 42,
              "line": 118,
              "offset": 2792,
            },
            "source": "types.test.js",
            "start": Object {
              "column": 35,
              "line": 118,
              "offset": 2784,
            },
            "type": "SourceFile",
          },
          "path": "types.test.js",
          "start": 35,
          "type": "Blame",
        },
      ],
      "suppressions": Array [],
    },
  ],
  "flowVersion": "0.97.0",
  "jsonVersion": "1",
  "passed": false,
}
`;

exports[`TypeScript: rejected 1`] = `
"Command failed: npx tsc -p src/types

src/types/types.test.ts(27,11): error TS2322: Type 'Event<number>' is not assignable to type 'Event<string>'.
  Type 'number' is not assignable to type 'string'.
src/types/types.test.ts(33,11): error TS2322: Type 'Store<number>' is not assignable to type 'Store<string>'.
  Type 'number' is not assignable to type 'string'.
src/types/types.test.ts(39,11): error TS2322: Type 'Event<string>' is not assignable to type 'Event<number>'.
  Type 'string' is not assignable to type 'number'.
src/types/types.test.ts(52,11): error TS2322: Type 'Event<string>' is not assignable to type 'Event<number>'.
src/types/types.test.ts(67,11): error TS2322: Type 'Store<number>' is not assignable to type 'Store<string>'.
src/types/types.test.ts(118,11): error TS2322: Type 'Store<string>' is not assignable to type 'Store<number>'.
  Type 'string' is not assignable to type 'number'.
"
`;
